type octile
height 65
width 81
map
TTTTTTTTTTTTTTTTTTTTTTTTTTTTTTTTT@@@@@@@@@@@@@@@TTTTTTTTTTTTTTTTTTTTTTTTTTTTTTTTT
TTTTTTTTTTTTTTTTTTTTTTTTTTTTTTTTT@@@@@@@@@@@@@@@TTTTTTTTTTTTTTTTTTTTTTTTTTTTTTTTT
TTTTTTT....TTT.TTTTTTTTTT.....TTT@@@@@@@@@@@@@@@TTTTTT....TTTTT.TTTTTTTTTTTTTTTTT
TTTTT..........TTTTTTT........TTT@@@@@@@@@@@@@@@TTTTTT..........TTTTTTTTTTTTTTTTT
TTT.....................TTTTTTTTT@@@@@@@@@@@@@@@TTTTT...........TTTTTTTTTTTTTTTTT
TT..............TTTT....TTTTTTTTT@@@@@@@@@@@@@@@TTTTT.....TTTT..TTTTTT.........TT
TTT.............TTTT....TTTTTTTTT@@@@@@@@@@@@@@@TTTTTT....TTTT..TTTT...........TT
TTT.............TTTT....TTTTTTTTT@@@@@@@@@@@@@@@TTTTTT.....TTT..TTTT...........TT
TTT.............TTTT....TTTTTTTTT@@@@@@@@@@@@@@@TT.........TT...TTTT...........TT
TTT.....................TTTTTTTTT@@@@@@@@@@@@@@@TTTT.......TT...TTTT...........TT
TTT.....................TTTTTTTTT@@@@@@@@@@@@@@@TTTTTT..........TTTT..TTTTTT...TT
TT....TTTTT.............TTTTTTTTT@@@@@@@@@@@@@@@TTTTTT..........TTTTTTTTTTTT...TT
TTTTTTTTTTT.............TTTTTTTTT@@@@@@@@@@@@@@@TTTTTT.....T....TTTTTTTTTTTT...TT
TTTTTTTTTTT......TT...TT@@@@@TTTT@@@@@@@@@@@@@@@TTTTT....TTTT...TTTTTTTTTTTT...TT
TTTTTTTTTTT.....TTT...TTTTTTTTTTT@@@@@@@@@@@@@@@TTTTTT...TTTT..................TT
TTTTTTTTTTTTTTTTTTT...TTTTTTTTTTT@@@@@@@@@@@@@@@TTTTTT....TTTT.................TT
TTTTTTTTTTTTTTTTTTT...TTTTTTTTTTT@@@@@@@TTTTTTTTTT.......TTTTT...............TTTT
TTTTTTTTTTTTTTTTTTT...TTTTTTTTTTTTTTTTTTTTTTTTTTTTTTT.......................TTTTT
TTT.TTTT.TTTTTTTTT....TTTTTTTTTTT.....TTTTTTTTTTTTTTT.......................TTTTT
TT.......TTT....TT.........................TTTTTTTTTTT......................TTTTT
TT............................................TTTTTTTT.......TT................TT
TT............................................TTTTTTTT....TTTTT................TT
TT...........................................TTTTTTTT.....TTTTTT.......TTTTTTT.TT
TT...........................................TTTTTTTT......TTTTT.......TTTTTTT.TT
TT...........................................TTTTTT........TT.T........TTTTTTTTTT
TT...........................................TTTTTT......................TTTTTTTT
TT............................................TTTT.......................TTTTTTTT
TT.......................................................................TTTTTTTT
TTTTT..........TTT.............................................TTT...........TTTT
TTTTTTTTTT.....TTTTTTTTTTT.....................................TTT.....TT...TTTTT
TTTTTTTTTTT...TTTTTTTTTTTTT...TTTTT...........TTTT............TTTTT...TTTTTTTTTTT
TTTTTTTTTTT...TTTTTTTTTTTTT...TTTTT..........TTTTTT...........TTTTT...TTTTTTTTTTT
TTTTTTTTTTT...TTTTTTTTTTTTT...TTTTT..........TTTTTT...........TTTTT...TTTTTTTTTTT
TTTTTTTTTTT...TTTTTTTTTTTTT...TTTTT..........TTTTTT...........TTTTT...TTTTTTTTTTT
TTTTTTTTTT....TTTTTTT...TT.....TTTT...........TTTTTTT......TTTTTTT........TTTTTTT
TTTTTTTTTT.....TTTTTT..........TTTTTT.........TTTTTTT......TTTTTTT........TTTTTTT
TTTTTTTT.......TTTT............TTTTTT........TTTTTTTT......TTTTTTT.............TT
TTTTTTTT.......TTTT............TTTTTT........TTTTTTTT......TTTTTTT.............TT
TTTTTTTT.......TTTT............TTTTTT......TTTTTTTTTT......TTTTTTT.............TT
TTTTTTTTT.....TTTTT.....TTT....TTTTTTT.....TTTTTTTTTT......TTTTTTT...........TTTT
TTTTTTTTTT....TTTTTTTTTTTTT....TTTTTTT.....TTTTTTT............TTTT...........TTTT
TTTTTTTTTT....TTTTTTTTTTTTT....TTTTTTT.....TTTTTTTTTT......TTTTTTT...........TTTT
TTTTTTTTTT.....TTTTTTTTTTTT....TTTTT.......TTTTTTTTTT......TTTTTTT...........TTTT
TTTTTTTT.......TTTTTTTTTTTT....TTTTT.......TTTTTTTTTT......TTTTTTT...........TTTT
TTTTTTTT.......TTTTTTTTTTTT....TTTTT.......TTTTTTTTTT.......TTTTTT...........TTTT
TTTTTTTT.......TTTTTTTTTTTT....TTTTT.......TTTTTTTTTT.........TTTT...........TTTT
TTTTTTTTTT.....TTTTTTTTTTTT....TTTTTT......TTTTTTTTTTTTTTTTTTTTTTT...........TTTT
TTTTTTTTTT....TTTTTTTTTTTTT....TTTTTTT........TTTTTTTTTTTTTTTTTTTT...........TTTT
TTTTTTTTTT....TTTTTTTTTTTTT....TTTTTTT........TTTTTTTTTTTTTTTTTTTT...........TTTT
TTTTTTTTT.....TTTTTTTTTTTTT....TTTTTTT........TTTTTTTTTTTTTTTTTTTT...........TTTT
TTTTT..........TTTTTTTTTTTT....TTTTTT.........TTTTTTTTTTT.....TTTT...........TTTT
TTTTT..........TTTT............TTTTTT............T............TTTT...........TTTT
TTT............TTTT............TTTTTT.........................TTTT...........TTTT
TTT............TTTT............TTTTT..........................TTT............TTTT
TTT...........TTTTT............TTTTTT.........TTTT............TTT............TTTT
TTT.T.........TTTTT............TTTTTT.........TTTT...........TTTT............TTTT
TTTTT.........TTTTT.TTTTTTTTT..TTTTTT.........TTTT...........TTTT............TTTT
TTTTT.........TTTTT.TTTTTTTTT..TTTTTT.........TTTTTT.........TTTT............TTTT
TTTTT.........TTTTT.TTTTTTTTT..TTTTTT.........TTTTTTT........TTTT..............TT
TTTTT.........TTTTTTTTTTTTTTT..TTTTTT.........TTTTTTT..TTT...TTTT..............TT
TTTTTTTT......TTTTTTTTTTTTTTT..TTTTTT.........TTTT@@@TTTTT.T.TTTTT.............TT
TTTTTTTT.....TTTTTTTTTTTTTTTT..TTTTTT.....TTT.TTTTTTTTTTTTTT..TTTTTTT..........TT
TTTTTTTTTTTTTTTTTTTTTTTTTTTTTTTTTTTTT..TTTTTTTTTTTTTTTTTTTTTTTTTTTTTT..........TT
TTTTTTTTTTTTTTTTTTTTTTTTTTTTTTTTTTTTTTTTTTTTTTTTTTTTTTTTTTTTTTTTTTTTTTTTTTT...TTT
TTTTTTTTTTTTTTTTTTTTTTTTTTTTTTTTTTTTTTTTTTTTTTTTTTTTTTTTTTTTTTTTTTTTTTTTTTT...TTT
